[baghostweb.blogspot.com/index.html]
[backblue.gif]
[fade.gif]
[index.html]
[hosting.sunke.info/files/white80.png]
[hosting.sunke.info/files/black50.png]
[hosting.sunke.info/whmcs/awsdo11192.png]
[baghostweb.blogspot.com/p/cloud-servers.html]
[baghostweb.blogspot.com/p/buy-vistors.html]
[baghostweb.blogspot.com/p/buy-alexa.html]
[baghostweb.blogspot.com/p/buy-sales.html]
[baghostweb.blogspot.com/p/aws-workspace.html]
[baghostweb.blogspot.com/p/cn2.html]
[baghostweb.blogspot.com/p/aws-bills-resell-aws-aws-aws.html]
[hosting.sunke.info/files/banner11171.png]
[baghostweb.blogspot.com/p/aws-affiliate-make-money-joint-venture.html]
[baghostweb.blogspot.com/index.html]
[www.blogger.com/dyn-css/authorization823e.css]
[baghostweb.blogspot.com/p/faqs.html]
[hosting.sunke.info/files/banner/4.png]
[hosting.sunke.info/files/country119-1.png]
[hosting.sunke.info/files/ec2iptest.png]
[hosting.sunke.info/files/price-jun4-1.png]
[baghostweb.blogspot.com/p/cloud-servers.html]
[hosting.sunke.info/files/banner/3.png]
[hosting.sunke.info/files/homeipfrom.png]
[hosting.sunke.info/files/homeip117.png]
[hosting.sunke.info/files/homeipwhy.png]
[baghostweb.blogspot.com/p/buy-vistors.html]
[hosting.sunke.info/files/banner/2.png]
[hosting.sunke.info/files/amd.png]
[hosting.sunke.info/files/intel.png]
[hosting.sunke.info/files/banner/sgjpustwukhk.png]
[hosting.sunke.info/files/save-power.png]
[baghostweb.blogspot.com/p/buy-alexa.html]
[hosting.sunke.info/files/banner/5.png]
[d2908q01vomqb2.cloudfront.net/f1f836cb4ea6efb2a0b1b99f41ad8b103eff4b59/2021/04/10/Site-Merch_Graviton_SocialMedia_2.jpg]
[d2908q01vomqb2.cloudfront.net/da4b9237bacccdf19c0760cab7aec4a8359010b0/2020/09/14/Site-Merch_Amazon-EC2-T4g_SocialMedia_1.png]
[baghostweb.blogspot.com/p/buy-sales.html]
[hosting.sunke.info/files/workspace1115.png]
[hosting.sunke.info/files/workspace11152.png]
[baghostweb.blogspot.com/p/aws-workspace.html]
[hosting.sunke.info/files/cn2-banner.png]
[hosting.sunke.info/dec4/fast.png]
[hosting.sunke.info/dec4/customer.png]
[baghostweb.blogspot.com/p/cn2.html]
[hosting.sunke.info/files/paybill1120.png]
[hosting.sunke.info/files/acting-payment.png]
[coolboy.my.canvasite.cn/aws-pay/images/e4b61766de8656c5fa16f6b1b7a67e72.jpg]
[coolboy.my.canvasite.cn/aws-pay/images/576e1399073562e381ebeda50848ae07.jpg]
[coolboy.my.canvasite.cn/aws-pay/images/83583df134c388a59e519b38590f47ce.jpg]
[baghostweb.blogspot.com/p/aws-bills-resell-aws-aws-aws.html]
[hosting.sunke.info/files/joinmoney1117.png]
[baghostweb.blogspot.com/p/aws-affiliate-make-money-joint-venture.html]
[baghostweb.blogspot.com/p/faqs.html]
