[www.awsdo.com/index.html]
[backblue.gif]
[fade.gif]
[index.html]
[hosting.sunke.info/files/white80.png]
[hosting.sunke.info/files/black50.png]
[hosting.sunke.info/whmcs/awsdo11192.png]
[www.awsdo.com/p/cloud-servers.html]
[www.awsdo.com/p/buy-vistors.html]
[www.awsdo.com/p/buy-alexa.html]
[www.awsdo.com/p/buy-sales.html]
[www.awsdo.com/p/aws-workspace.html]
[www.awsdo.com/p/cn2.html]
[www.awsdo.com/p/aws-bills-resell-aws-aws-aws.html]
[hosting.sunke.info/files/banner11171.png]
[www.awsdo.com/p/aws-affiliate-make-money-joint-venture.html]
[www.awsdo.com/index.html]
[www.blogger.com/dyn-css/authorization6363.css]
[www.awsdo.com/p/faqs.html]
[hosting.sunke.info/files/banner/4.png]
[www.awsdo.com/p/cloud-servers.html]
[hosting.sunke.info/files/ec2iptest.png]
[www.awsdo.com/p/melon-ticket-yes24-interpark-kktix.html]
[www.awsdo.com/p/tiktokipawsdocomtiktok.html]
[hosting.sunke.info/files/banner/3.png]
[hosting.sunke.info/files/homeipfrom.png]
[hosting.sunke.info/files/homeip117.png]
[hosting.sunke.info/files/homeipwhy.png]
[www.awsdo.com/p/buy-vistors.html]
[hosting.sunke.info/files/banner/2.png]
[hosting.sunke.info/files/amd.png]
[hosting.sunke.info/files/intel.png]
[hosting.sunke.info/files/banner/sgjpustwukhk.png]
[hosting.sunke.info/files/save-power.png]
[www.awsdo.com/p/awson-hold-suspended.html]
[www.awsdo.com/p/buy-alexa.html]
[www.awsdo.com/p/amazon-cloudfront-free-1tb.html]
[hosting.sunke.info/files/banner/5.png]
[d2908q01vomqb2.cloudfront.net/f1f836cb4ea6efb2a0b1b99f41ad8b103eff4b59/2021/04/10/Site-Merch_Graviton_SocialMedia_2.jpg]
[d2908q01vomqb2.cloudfront.net/da4b9237bacccdf19c0760cab7aec4a8359010b0/2020/09/14/Site-Merch_Amazon-EC2-T4g_SocialMedia_1.png]
[www.awsdo.com/p/buy-sales.html]
[hosting.sunke.info/files/workspace1115.png]
[hosting.sunke.info/files/workspace11152.png]
[www.awsdo.com/p/aws-workspace.html]
[hosting.sunke.info/files/cn2-banner.png]
[hosting.sunke.info/dec4/fast.png]
[hosting.sunke.info/dec4/customer.png]
[www.awsdo.com/p/cn2.html]
[hosting.sunke.info/files/paybill1120.png]
[hosting.sunke.info/files/acting-payment.png]
[coolboy.my.canvasite.cn/aws-pay/images/e4b61766de8656c5fa16f6b1b7a67e72.jpg]
[coolboy.my.canvasite.cn/aws-pay/images/576e1399073562e381ebeda50848ae07.jpg]
[coolboy.my.canvasite.cn/aws-pay/images/83583df134c388a59e519b38590f47ce.jpg]
[www.awsdo.com/p/aws-bills-resell-aws-aws-aws.html]
[hosting.sunke.info/files/joinmoney1117.png]
[www.awsdo.com/p/aws-affiliate-make-money-joint-venture.html]
[www.awsdo.com/p/aws-ec2-elastic-ip-addresses-eip-aws.html]
[www.awsdo.com/p/how-to-use-nekoray-windows.html]
[www.awsdo.com/p/mpweixinqqcom.html]
[www.awsdo.com/p/ec2-ip-eip-netplan-aws-ec2-ubuntu-1804.html]
[www.awsdo.com/p/windowsv2rayxbox.html]
[www.awsdo.com/p/faqs.html]
[www.awsdo.com/p/how-it-works.html]
[hosting.sunke.info/files/ticket.png]
[hosting.sunke.info/files/melon-ticket.png]
[att.icnkr.com/data/attachment/forum/202301/11/184314hn2av2xsnsr0p20r.png]
[att.icnkr.com/data/attachment/forum/202301/11/184845npwjkqzw7uqdzqq6.png]
[www.awsdo.com/p/melon-ticket-yes24-interpark-kktix.html]
[hosting.sunke.info/files/tk01.png]
[hosting.sunke.info/files/tk02.png]
[www.awsdo.com/p/tiktokipawsdocomtiktok.html]
[hosting.sunke.info/files/tk03.png]
[www.awsdo.com/p/awson-hold-suspended.html]
[oss.pieruo.com/2022/11/20/5yvv.jpg]
[oss.pieruo.com/2022/11/20/5f1j.jpg]
[oss.pieruo.com/2022/11/20/5E0k.jpg]
[oss.pieruo.com/2022/11/20/JdUR.jpg]
[oss.pieruo.com/2022/11/20/JWbX.jpg]
[www.awsdo.com/p/amazon-cloudfront-free-1tb.html]
[www.awsdo.com/p/aws-ec2-elastic-ip-addresses-eip-aws.html]
[oss.pieruo.com/2022/11/20/JKi9.jpg]
[www.awsdo.com/p/how-to-use-nekoray-windows.html]
[v2xtls.org/wp-content/uploads/2023/12/NekoRay目录.png]
[ccdn1.goodq.top/caches/2d2bd038d43e773a454cbb4ae76768fb/aHR0cHM6Ly93d3cucWlmZWl5ZS5jb20vcWZ5LWNvbnRlbnQvdXBsb2Fkcy8yMDE5LzAyLzVlM2FjNjBmOTFhNjA2M2Y4NTYzYmIwYmJlYTE3YTg4LnBuZw_p_p100_p_3D_p_p100_p_3D.png]
[ccdn1.goodq.top/caches/2d2bd038d43e773a454cbb4ae76768fb/aHR0cHM6Ly93d3cucWlmZWl5ZS5jb20vcWZ5LWNvbnRlbnQvdXBsb2Fkcy8yMDE5LzAyLzUwOGQ5MzYzMDE5OTA3Y2UyMGZiZjVmZDQ4YjFiYTdlLnBuZw_p_p100_p_3D_p_p100_p_3D.png]
[ccdn1.goodq.top/caches/2d2bd038d43e773a454cbb4ae76768fb/aHR0cHM6Ly93d3cucWlmZWl5ZS5jb20vcWZ5LWNvbnRlbnQvdXBsb2Fkcy8yMDE5LzAyL2ZmNjQ2ZGZkZjQ4ZjczNzBlZDM5YTdmM2EzMzcxOTllLnBuZw_p_p100_p_3D_p_p100_p_3D.png]
[ccdn1.goodq.top/caches/2d2bd038d43e773a454cbb4ae76768fb/aHR0cHM6Ly93d3cucWlmZWl5ZS5jb20vcWZ5LWNvbnRlbnQvdXBsb2Fkcy8yMDE5LzAyL2ZiOWQ1YzA4ZDQ3M2EyODY2YTNmZTM3MDFlYWIyYjg2LnBuZw_p_p100_p_3D_p_p100_p_3D.png]
[ccdn1.goodq.top/caches/2d2bd038d43e773a454cbb4ae76768fb/aHR0cHM6Ly93d3cucWlmZWl5ZS5jb20vcWZ5LWNvbnRlbnQvdXBsb2Fkcy8yMDE5LzAyL2E5M2YyNDA3NDRjMzVjODc3OTFhNjcyYzgxN2I3NjIzLnBuZw_p_p100_p_3D_p_p100_p_3D.png]
[ccdn1.goodq.top/caches/2d2bd038d43e773a454cbb4ae76768fb/aHR0cHM6Ly93d3cucWlmZWl5ZS5jb20vcWZ5LWNvbnRlbnQvdXBsb2Fkcy8yMDE5LzAyL2M1MjljMWY1YjJjZDY4ZTYyYjQ4YThkZmYzODVmNzk1LnBuZw_p_p100_p_3D_p_p100_p_3D.png]
[ccdn1.goodq.top/caches/2d2bd038d43e773a454cbb4ae76768fb/aHR0cHM6Ly93d3cucWlmZWl5ZS5jb20vcWZ5LWNvbnRlbnQvdXBsb2Fkcy8yMDE5LzAyLzIxMWFmNmMwZWZjM2Q0MGE2YTIxNmQ5NWM0MTJjOWEyLnBuZw_p_p100_p_3D_p_p100_p_3D.png]
[ccdn1.goodq.top/caches/2d2bd038d43e773a454cbb4ae76768fb/aHR0cHM6Ly93d3cucWlmZWl5ZS5jb20vcWZ5LWNvbnRlbnQvdXBsb2Fkcy8yMDE5LzAyLzRjNDI1MmYzOTczZmM5MjUwYjk3MjMzZmRmZmEzOTg4LnBuZw_p_p100_p_3D_p_p100_p_3D.png]
[ccdn1.goodq.top/caches/2d2bd038d43e773a454cbb4ae76768fb/aHR0cHM6Ly93d3cucWlmZWl5ZS5jb20vcWZ5LWNvbnRlbnQvdXBsb2Fkcy8yMDE5LzAyLzQ0ZjVmMGQxZDVmMDU0OTExMGExZWJkOWZhMzM1NGM0LnBuZw_p_p100_p_3D_p_p100_p_3D.png]
[ccdn1.goodq.top/caches/2d2bd038d43e773a454cbb4ae76768fb/aHR0cHM6Ly93d3cucWlmZWl5ZS5jb20vcWZ5LWNvbnRlbnQvdXBsb2Fkcy8yMDE5LzAyL2VmYTcyNzhjMzJhNGU3MGNmOGRhMjM0NDY5MDQzNjBhLnBuZw_p_p100_p_3D_p_p100_p_3D.png]
[ccdn1.goodq.top/caches/2d2bd038d43e773a454cbb4ae76768fb/aHR0cHM6Ly93d3cucWlmZWl5ZS5jb20vcWZ5LWNvbnRlbnQvdXBsb2Fkcy8yMDE5LzAyLzM0MWVlNWVkMzAyMmUyNDQwYzY5YTRkNGRiZjc2ZWVkLnBuZw_p_p100_p_3D_p_p100_p_3D.png]
[ccdn1.goodq.top/caches/2d2bd038d43e773a454cbb4ae76768fb/aHR0cHM6Ly93d3cucWlmZWl5ZS5jb20vcWZ5LWNvbnRlbnQvdXBsb2Fkcy8yMDE5LzAyL2JiOTkzODI4MjdhYTZmYTNmM2FiM2Q5NDcxZGM1YWNkLnBuZw_p_p100_p_3D_p_p100_p_3D.png]
[ccdn1.goodq.top/caches/2d2bd038d43e773a454cbb4ae76768fb/aHR0cHM6Ly93d3cucWlmZWl5ZS5jb20vcWZ5LWNvbnRlbnQvdXBsb2Fkcy8yMDE5LzAyLzhmZDRlYWRhYTBkMWE1ZGQ5MzRjODVmNjc5MTc1ZTM0LmpwZw_p_p100_p_3D_p_p100_p_3D.jpg]
[ccdn1.goodq.top/caches/2d2bd038d43e773a454cbb4ae76768fb/aHR0cHM6Ly93d3cucWlmZWl5ZS5jb20vcWZ5LWNvbnRlbnQvdXBsb2Fkcy8yMDE5LzAyL2MwZTY2ZDI3OWFkOTlhNzYwNDg1OTE2Mzk2NmM0MTAzLmpwZw_p_p100_p_3D_p_p100_p_3D.jpg]
[ccdn1.goodq.top/caches/2d2bd038d43e773a454cbb4ae76768fb/aHR0cHM6Ly93d3cucWlmZWl5ZS5jb20vcWZ5LWNvbnRlbnQvdXBsb2Fkcy8yMDE5LzAyLzE4NzdhY2UzYTFhOTMyNzg2ZDAyZmVmZTMzYjVhNDI5LnBuZw_p_p100_p_3D_p_p100_p_3D.png]
[ccdn1.goodq.top/caches/2d2bd038d43e773a454cbb4ae76768fb/aHR0cHM6Ly93d3cucWlmZWl5ZS5jb20vcWZ5LWNvbnRlbnQvdXBsb2Fkcy8yMDE5LzAyL2E0NWNiY2U2YzRkMmNkODAyMTlhNjdkYzUzNDQ5MjY2LnBuZw_p_p100_p_3D_p_p100_p_3D.png]
[ccdn1.goodq.top/caches/2d2bd038d43e773a454cbb4ae76768fb/aHR0cHM6Ly93d3cucWlmZWl5ZS5jb20vcWZ5LWNvbnRlbnQvdXBsb2Fkcy8yMDE5LzAyL2UwMTljNGQ3ZGJmNTRhOWIwZTc1NzA1ODQ4N2RmMDgyLnBuZw_p_p100_p_3D_p_p100_p_3D.png]
[ccdn1.goodq.top/caches/2d2bd038d43e773a454cbb4ae76768fb/aHR0cHM6Ly93d3cucWlmZWl5ZS5jb20vcWZ5LWNvbnRlbnQvdXBsb2Fkcy8yMDE5LzAyL2YzNjRjMjY4MjkwNjIzY2UzYjAxODUxOGM4NWQ2YzA1LnBuZw_p_p100_p_3D_p_p100_p_3D.png]
[ccdn1.goodq.top/caches/2d2bd038d43e773a454cbb4ae76768fb/aHR0cHM6Ly93d3cucWlmZWl5ZS5jb20vcWZ5LWNvbnRlbnQvdXBsb2Fkcy8yMDE5LzAyLzk0ZGEwYmVmZGNiY2M5ZjliMWJlYjI1ZDQxMzUyYmM5LnBuZw_p_p100_p_3D_p_p100_p_3D.png]
[ccdn1.goodq.top/caches/2d2bd038d43e773a454cbb4ae76768fb/aHR0cHM6Ly93d3cucWlmZWl5ZS5jb20vcWZ5LWNvbnRlbnQvdXBsb2Fkcy8yMDE5LzAyL2E4YjE4ZmI1MmE2ZjYzOGI5Y2JhODkzMmJkYjMyY2ZjLnBuZw_p_p100_p_3D_p_p100_p_3D.png]
[ccdn1.goodq.top/caches/2d2bd038d43e773a454cbb4ae76768fb/aHR0cHM6Ly93d3cucWlmZWl5ZS5jb20vcWZ5LWNvbnRlbnQvdXBsb2Fkcy8yMDE5LzAyLzI4MzNkNjZlZDM4MjY1ZjkzZjEzY2RlNDIzYTdlZTk0LnBuZw_p_p100_p_3D_p_p100_p_3D.png]
[ccdn1.goodq.top/caches/2d2bd038d43e773a454cbb4ae76768fb/aHR0cHM6Ly93d3cucWlmZWl5ZS5jb20vcWZ5LWNvbnRlbnQvdXBsb2Fkcy8yMDE5LzAyLzQxZDIyNjMxODgwYjVhMmJhY2JkMmU2NzJhNjY3OGU2LnBuZw_p_p100_p_3D_p_p100_p_3D.png]
[ccdn1.goodq.top/caches/2d2bd038d43e773a454cbb4ae76768fb/aHR0cHM6Ly93d3cucWlmZWl5ZS5jb20vcWZ5LWNvbnRlbnQvdXBsb2Fkcy8yMDE5LzAyLzJlMDAyZmEwNTY2NzBkODQ3YjEyOGNjMmU0YTZjZjNiLnBuZw_p_p100_p_3D_p_p100_p_3D.png]
[ccdn1.goodq.top/caches/2d2bd038d43e773a454cbb4ae76768fb/aHR0cHM6Ly93d3cucWlmZWl5ZS5jb20vcWZ5LWNvbnRlbnQvdXBsb2Fkcy8yMDE5LzAyL2ZiY2QxMzA3Y2QwN2RkOGQ4MDc2NGU3Mzc1YTZkYjE0LnBuZw_p_p100_p_3D_p_p100_p_3D.png]
[ccdn1.goodq.top/caches/2d2bd038d43e773a454cbb4ae76768fb/aHR0cHM6Ly93d3cucWlmZWl5ZS5jb20vcWZ5LWNvbnRlbnQvdXBsb2Fkcy8yMDE5LzAyLzIxMDI1ZDMwYTQxNTEzM2FmZGI2MWRmNDM1NGYyYWIxLnBuZw_p_p100_p_3D_p_p100_p_3D.png]
[ccdn1.goodq.top/caches/2d2bd038d43e773a454cbb4ae76768fb/aHR0cHM6Ly93d3cucWlmZWl5ZS5jb20vcWZ5LWNvbnRlbnQvdXBsb2Fkcy8yMDE5LzAyLzhlMmNiZjUwMjg1YTIxMzA5YmQxOGQ1OTExYTVlOGZjLnBuZw_p_p100_p_3D_p_p100_p_3D.png]
[ccdn1.goodq.top/caches/2d2bd038d43e773a454cbb4ae76768fb/aHR0cHM6Ly93d3cucWlmZWl5ZS5jb20vcWZ5LWNvbnRlbnQvdXBsb2Fkcy8yMDE5LzAyL2VkMDZjYzJmYWUxZGEyMzA2ZGY1ODc1OTYwN2YyNmM0LnBuZw_p_p100_p_3D_p_p100_p_3D.png]
[ccdn1.goodq.top/caches/2d2bd038d43e773a454cbb4ae76768fb/aHR0cHM6Ly93d3cucWlmZWl5ZS5jb20vcWZ5LWNvbnRlbnQvdXBsb2Fkcy8yMDE5LzAyLzRlZjZjN2U4ZTVhZTVhZDgwYWI2ZTkxODJkYWVkZTc4LnBuZw_p_p100_p_3D_p_p100_p_3D.png]
[ccdn1.goodq.top/caches/2d2bd038d43e773a454cbb4ae76768fb/aHR0cHM6Ly93d3cucWlmZWl5ZS5jb20vcWZ5LWNvbnRlbnQvdXBsb2Fkcy8yMDE5LzAyLzZjMGRhN2RmMGQ0MzlhMGMxOGQ3MjFiODgyMTVjNmU0LnBuZw_p_p100_p_3D_p_p100_p_3D.png]
[www.awsdo.com/p/mpweixinqqcom.html]
[www.awsdo.com/p/ec2-ip-eip-netplan-aws-ec2-ubuntu-1804.html]
[v2rayn.org/wp-content/uploads/2022/06/1656267590-v2rayN-interface.jpg]
[v2rayn.org/wp-content/uploads/2022/06/1656267590-v2rayN-interface-1024x704.jpg]
[v2rayn.org/wp-content/uploads/2022/06/1656267589-v2rayN-setup-folder.jpg]
[v2rayn.org/wp-content/uploads/2022/06/1656267566-v2rayN-use-Notify-Icon-1.jpg]
[v2rayn.org/wp-content/uploads/2022/06/1656267567-v2rayN-use-Notify-Icon-2.jpg]
[v2rayn.org/wp-content/uploads/2022/06/1656267568-v2rayN-use-Notify-Icon-3.jpg]
[v2rayn.org/wp-content/uploads/2022/06/1656267592-v2rayN-main.jpg]
[v2rayn.org/wp-content/uploads/2022/06/1656267592-v2rayN-main-1024x683.jpg]
[v2rayn.org/wp-content/uploads/2022/06/1656422590-v2rayN-add-server-from-clipboard.jpg]
[v2rayn.org/wp-content/uploads/2022/06/1656422590-v2rayN-add-server-from-clipboard-1024x683.jpg]
[v2rayn.org/wp-content/uploads/2022/06/1656422587-v2rayN-add-server-from-qrcode.jpg]
[v2rayn.org/wp-content/uploads/2022/06/1656422587-v2rayN-add-server-from-qrcode-1024x683.jpg]
[v2rayn.org/wp-content/uploads/2022/06/1656343553-v2rayN-enable-system-proxy.jpg]
[v2rayn.org/wp-content/uploads/2022/06/1656343552-v2rayN-enable-router-mode.jpg]
[v2rayn.org/wp-content/uploads/2022/06/1656343663-v2rayN-auto-strart.jpg]
[v2rayn.org/wp-content/uploads/2022/06/1656343663-v2rayN-auto-strart-1024x683.jpg]
[hosting.sunke.info/files/xbox1.png]
[hosting.sunke.info/files/xbox2.png]
[www.awsdo.com/p/windowsv2rayxbox.html]
[venturebeat.com/wp-content/uploads/2013/06/awspostmaine527.png]
[hosting.sunke.info/files/buynow.png]
[hosting.sunke.info/files/cpu-pc.png]
[hosting.sunke.info/files/home-ip-pc.png]
[hosting.sunke.info/files/qq.png]
[hosting.sunke.info/files/taobao.png]
[www.awsdo.com/p/how-it-works.html]
[www.qifeiye.com/qfy-content/uploads/2019/02/5d81b06c9e32fea3458fcb8c6979e8f1.png]
[9527wangzhuan.com/wp-content/uploads/2023/06/edge-IP查询.png]
